<html>
<body>
<pre>
<h1>礦ision Build Log</h1>
<h2>Tool Versions:</h2>
IDE-Version: μVision V5.18.0.0
Copyright (C) 2016 ARM Ltd and ARM Germany GmbH. All rights reserved.
License Information: a qiandao, s, LIC=UJWFW-QH02P-XUG41-C6C1C-JECB7-PWHRD
 
Tool Versions:
Toolchain:       MDK-ARM Standard  Version: 5.18
Toolchain Path:  F:\keil\ARM\ARMCC\Bin
C Compiler:      Armcc.exe V5.06 update 1 (build 61)
Assembler:       Armasm.exe V5.06 update 1 (build 61)
Linker/Locator:  ArmLink.exe V5.06 update 1 (build 61)
Library Manager: ArmAr.exe V5.06 update 1 (build 61)
Hex Converter:   FromElf.exe V5.06 update 1 (build 61)
CPU DLL:         SARMCM3.DLL V5.18
Dialog DLL:      DCM.DLL V1.13.6.0
Target DLL:      STLink\ST-LINKIII-KEIL_SWO.dll V2.0.18.0
Dialog DLL:      TCM.DLL V1.14.8.0
 
<h2>Project:</h2>
F:\各项目\fly_machine\个版本例程\手动_jdp\GankerPilot.uvprojx
Project File Date:  03/09/2023

<h2>Output:</h2>
*** Using Compiler 'V5.06 update 1 (build 61)', folder: 'F:\keil\ARM\ARMCC\Bin'
Build target 'GankerPilot_Pro'
compiling NamelessCorun_OpticalFlow.c...
linking...
Program Size: Code=100832 RO-data=8712 RW-data=2872 ZI-data=15264  
FromELF: creating hex file...
".\Objects\gankerpilot.axf" - 0 Error(s), 0 Warning(s).

<h2>Software Packages used:</h2>

Package Vendor: ARM
                http://www.keil.com/pack/ARM.CMSIS.4.5.0.pack
                ARM::CMSIS:CORE:4.3.0
                CMSIS (Cortex Microcontroller Software Interface Standard)
   * Component: CORE Version: 4.3.0

Package Vendor: TexasInstruments
                http://software-dl.ti.com/msp430/msp430_public_sw/mcu/msp430/msp432cmsis/latest/exports/TexasInstruments.MSP432P4xx_DFP.3.2.6.pack
                TexasInstruments::Device:Startup:3.2.2
                Device Family Pack for Texas Instruments SimpleLink(TM) MSP432 Series
   * Component: Startup Version: 3.2.2

<h2>Collection of Component include folders:</h2>
  F:\各项目\fly_machine\个版本例程\手动_jdp\RTE
  F:\keil\ARM\PACK\ARM\CMSIS\4.5.0\CMSIS\Include
  F:\keil\ARM\PACK\TexasInstruments\MSP432P4xx_DFP\3.2.6\Device\Include

<h2>Collection of Component Files used:</h2>

   * Component: ARM::CMSIS:CORE:4.3.0

   * Component: TexasInstruments::Device:Startup:3.2.2
      Source file:   Examples\EmptyMain\main.c
      Source file:   Device\Source\startup_msp432p401r_uvision.s
      Include file:  Device\Include\msp_compatibility.h
      Source file:   Device\Source\system_msp432p401r.c
      Source file:   Examples\BlinkLED\blinkLED.c
Build Time Elapsed:  00:00:03
</pre>
</body>
</html>
